[    0.000000] Initializing cgroup subsys cpuset
[    0.000000] Initializing cgroup subsys cpu
[    0.000000] Initializing cgroup subsys cpuacct
[    0.000000] Linux version 4.4.0-210-generic (buildd@lgw01-amd64-009) (gcc version 5.4.0 20160609 (Ubuntu 5.4.0-6ubuntu1~16.04.12) ) #242-Ubuntu SMP Fri Apr 16 09:57:56 UTC 2021 (Ubuntu 4.4.0-210.242-generic 4.4.262)
[    0.000000] Command line: BOOT_IMAGE=/boot/vmlinuz-4.4.0-210-generic root=LABEL=cloudimg-rootfs ro console=tty1 console=ttyS0
[    0.000000] KERNEL supported cpus:
[    0.000000]   Intel GenuineIntel
[    0.000000]   AMD AuthenticAMD
[    0.000000]   Centaur CentaurHauls
[    0.000000] [Firmware Bug]: TSC doesn't count with P0 frequency!
[    0.000000] x86/fpu: Legacy x87 FPU detected.
[    0.000000] e820: BIOS-provided physical RAM map:
[    0.000000] BIOS-e820: [mem 0x0000000000000000-0x000000000009fbff] usable
[    0.000000] BIOS-e820: [mem 0x000000000009fc00-0x000000000009ffff] reserved
[    0.000000] BIOS-e820: [mem 0x00000000000f0000-0x00000000000fffff] reserved
[    0.000000] BIOS-e820: [mem 0x0000000000100000-0x000000007e7effff] usable
[    0.000000] BIOS-e820: [mem 0x000000007e7f0000-0x000000007e7fffff] ACPI data
[    0.000000] BIOS-e820: [mem 0x00000000fec00000-0x00000000fec00fff] reserved
[    0.000000] BIOS-e820: [mem 0x00000000fee00000-0x00000000fee00fff] reserved
[    0.000000] BIOS-e820: [mem 0x00000000fffc0000-0x00000000ffffffff] reserved
[    0.000000] NX (Execute Disable) protection: active
[    0.000000] SMBIOS 2.5 present.
[    0.000000] Hypervisor detected: KVM
[    0.000000] Kernel/User page tables isolation: disabled
[    0.000000] e820: last_pfn = 0x7e7f0 max_arch_pfn = 0x400000000
[    0.000000] MTRR: Disabled
[    0.000000] x86/PAT: MTRRs disabled, skipping PAT initialization too.
[    0.000000] CPU MTRRs all blank - virtualized system.
[    0.000000] x86/PAT: Configuration [0-7]: WB  WT  UC- UC  WB  WT  UC- UC  
[    0.000000] found SMP MP-table at [mem 0x0009fff0-0x0009ffff] mapped at [ffff88000009fff0]
[    0.000000] Scanning 1 areas for low memory corruption
[    0.000000] RAMDISK: [mem 0x362dc000-0x37165fff]
[    0.000000] ACPI: Early table checksum verification disabled
[    0.000000] ACPI: RSDP 0x00000000000E0000 000024 (v02 VBOX  )
[    0.000000] ACPI: XSDT 0x000000007E7F0030 00003C (v01 VBOX   VBOXXSDT 00000001 ASL  00000061)
[    0.000000] ACPI: FACP 0x000000007E7F00F0 0000F4 (v04 VBOX   VBOXFACP 00000001 ASL  00000061)
[    0.000000] ACPI: DSDT 0x000000007E7F0610 002353 (v02 VBOX   VBOXBIOS 00000002 INTL 20100528)
[    0.000000] ACPI: FACS 0x000000007E7F0200 000040
[    0.000000] ACPI: FACS 0x000000007E7F0200 000040
[    0.000000] ACPI: APIC 0x000000007E7F0240 00005C (v02 VBOX   VBOXAPIC 00000001 ASL  00000061)
[    0.000000] ACPI: SSDT 0x000000007E7F02A0 00036C (v01 VBOX   VBOXCPUT 00000002 INTL 20100528)
[    0.000000] No NUMA configuration found
[    0.000000] Faking a node at [mem 0x0000000000000000-0x000000007e7effff]
[    0.000000] NODE_DATA(0) allocated [mem 0x7e7eb000-0x7e7effff]
[    0.000000] kvm-clock: Using msrs 4b564d01 and 4b564d00
[    0.000000] kvm-clock: cpu 0, msr 0:7e7e3001, primary cpu clock
[    0.000000] kvm-clock: using sched offset of 3777701596 cycles
[    0.000000] clocksource: kvm-clock: mask: 0xffffffffffffffff max_cycles: 0x1cd42e4dffb, max_idle_ns: 881590591483 ns
[    0.000000] Zone ranges:
[    0.000000]   DMA      [mem 0x0000000000001000-0x0000000000ffffff]
[    0.000000]   DMA32    [mem 0x0000000001000000-0x000000007e7effff]
[    0.000000]   Normal   empty
[    0.000000]   Device   empty
[    0.000000] Movable zone start for each node
[    0.000000] Early memory node ranges
[    0.000000]   node   0: [mem 0x0000000000001000-0x000000000009efff]
[    0.000000]   node   0: [mem 0x0000000000100000-0x000000007e7effff]
[    0.000000] Initmem setup node 0 [mem 0x0000000000001000-0x000000007e7effff]
[    0.000000] ACPI: PM-Timer IO Port: 0x4008
[    0.000000] IOAPIC[0]: apic_id 2, version 32, address 0xfec00000, GSI 0-23
[    0.000000] ACPI: INT_SRC_OVR (bus 0 bus_irq 0 global_irq 2 dfl dfl)
[    0.000000] ACPI: INT_SRC_OVR (bus 0 bus_irq 9 global_irq 9 low level)
[    0.000000] Using ACPI (MADT) for SMP configuration information
[    0.000000] smpboot: Allowing 2 CPUs, 0 hotplug CPUs
[    0.000000] PM: Registered nosave memory: [mem 0x00000000-0x00000fff]
[    0.000000] PM: Registered nosave memory: [mem 0x0009f000-0x0009ffff]
[    0.000000] PM: Registered nosave memory: [mem 0x000a0000-0x000effff]
[    0.000000] PM: Registered nosave memory: [mem 0x000f0000-0x000fffff]
[    0.000000] e820: [mem 0x7e800000-0xfebfffff] available for PCI devices
[    0.000000] Booting paravirtualized kernel on KVM
[    0.000000] clocksource: refined-jiffies: mask: 0xffffffff max_cycles: 0xffffffff, max_idle_ns: 7645519600211568 ns
[    0.000000] setup_percpu: NR_CPUS:512 nr_cpumask_bits:512 nr_cpu_ids:2 nr_node_ids:1
[    0.000000] PERCPU: Embedded 33 pages/cpu @ffff88007e400000 s95192 r8192 d31784 u1048576
[    0.000000] Built 1 zonelists in Node order, mobility grouping on.  Total pages: 509912
[    0.000000] Policy zone: DMA32
[    0.000000] Kernel command line: BOOT_IMAGE=/boot/vmlinuz-4.4.0-210-generic root=LABEL=cloudimg-rootfs ro console=tty1 console=ttyS0
[    0.000000] PID hash table entries: 4096 (order: 3, 32768 bytes)
[    0.000000] Memory: 2005408K/2072120K available (8644K kernel code, 1332K rwdata, 4044K rodata, 1492K init, 1164K bss, 66712K reserved, 0K cma-reserved)
[    0.000000] SLUB: HWalign=64, Order=0-3, MinObjects=0, CPUs=2, Nodes=1
[    0.000000] Hierarchical RCU implementation.
[    0.000000] 	Build-time adjustment of leaf fanout to 64.
[    0.000000] 	RCU restricting CPUs from NR_CPUS=512 to nr_cpu_ids=2.
[    0.000000] RCU: Adjusting geometry for rcu_fanout_leaf=64, nr_cpu_ids=2
[    0.000000] NR_IRQS:33024 nr_irqs:440 16
[    0.000000] Console: colour VGA+ 80x25
[    0.000000] console [tty1] enabled
[    0.000000] console [ttyS0] enabled
[    0.000000] tsc: Detected 2095.990 MHz processor
[    0.789346] Calibrating delay loop (skipped) preset value.. 4191.98 BogoMIPS (lpj=8383960)
[    0.798976] pid_max: default: 32768 minimum: 301
[    0.804566] ACPI: Core revision 20150930
[    0.812071] ACPI: 2 ACPI AML tables successfully acquired and loaded
[    0.821144] Security Framework initialized
[    0.826557] Yama: becoming mindful.
[    0.830577] AppArmor: AppArmor initialized
[    0.836627] Dentry cache hash table entries: 262144 (order: 9, 2097152 bytes)
[    0.858388] Inode-cache hash table entries: 131072 (order: 8, 1048576 bytes)
[    0.875073] Mount-cache hash table entries: 4096 (order: 3, 32768 bytes)
[    0.886498] Mountpoint-cache hash table entries: 4096 (order: 3, 32768 bytes)
[    0.897525] Initializing cgroup subsys io
[    0.904286] Initializing cgroup subsys memory
[    0.911591] Initializing cgroup subsys devices
[    0.918201] Initializing cgroup subsys freezer
[    0.926836] Initializing cgroup subsys net_cls
[    0.933633] Initializing cgroup subsys perf_event
[    0.938555] Initializing cgroup subsys net_prio
[    0.944974] Initializing cgroup subsys hugetlb
[    0.951655] Initializing cgroup subsys pids
[    0.967364] mce: CPU supports 0 MCE banks
[    0.974651] Last level iTLB entries: 4KB 1024, 2MB 1024, 4MB 512
[    0.980762] Last level dTLB entries: 4KB 2048, 2MB 2048, 4MB 1024, 1GB 0
[    0.992722] Spectre V1 : Mitigation: usercopy/swapgs barriers and __user pointer sanitization
[    1.003813] Spectre V2 : Spectre mitigation: LFENCE not serializing, switching to generic retpoline
[    1.019757] Spectre V2 : Mitigation: Full generic retpoline
[    1.027634] Spectre V2 : Spectre v2 / SpectreRSB mitigation: Filling RSB on context switch
[    1.102378] Freeing SMP alternatives memory: 36K
[    1.250591] ftrace: allocating 32380 entries in 127 pages
[    2.390068] smpboot: APIC(0) Converting physical 0 to logical package 0
[    2.400298] smpboot: Max logical packages: 1
[    2.426081] ..TIMER: vector=0x30 apic1=0 pin1=2 apic2=-1 pin2=-1
[    2.542898] smpboot: CPU0: AMD Ryzen 5 5500U with Radeon Graphics (family: 0x17, model: 0x68, stepping: 0x1)
[    2.557152] Performance Events: Broken PMU hardware detected, using software events only.
[    2.567221] Failed to access perfctr msr (MSR c0010007 is 0)
[    2.729821] KVM setup paravirtual spinlock
[    2.738680] x86: Booting SMP configuration:
[    2.744007] .... node  #0, CPUs:      #1
[    2.751100] kvm-clock: cpu 1, msr 0:7e7e3041, secondary cpu clock
[    2.766335] mce: CPU supports 0 MCE banks
[    2.771503] TSC synchronization [CPU#0 -> CPU#1]:
[    2.776489] Measured 46967 cycles TSC warp between CPUs, turning off TSC clock.
[    2.785187] tsc: Marking TSC unstable due to check_tsc_sync_source failed
[    0.712190] x86: Booted up 1 node, 2 CPUs
[    0.716008] smpboot: Total of 2 processors activated (8383.96 BogoMIPS)
[    0.728716] devtmpfs: initialized
[    0.739201] evm: security.selinux
[    0.748011] evm: security.SMACK64
[    0.756010] evm: security.SMACK64EXEC
[    0.764007] evm: security.SMACK64TRANSMUTE
[    0.772007] evm: security.SMACK64MMAP
[    0.776004] evm: security.ima
[    0.780010] evm: security.capability
[    0.788503] clocksource: jiffies: mask: 0xffffffff max_cycles: 0xffffffff, max_idle_ns: 7645041785100000 ns
[    0.804024] futex hash table entries: 512 (order: 3, 32768 bytes)
[    0.812364] pinctrl core: initialized pinctrl subsystem
[    0.820860] RTC time: 13:10:50, date: 11/02/24
[    0.833380] NET: Registered protocol family 16
[    0.848011] cpuidle: using governor ladder
[    0.860016] cpuidle: using governor menu
[    0.868017] PCCT header not found.
[    0.878233] ACPI: bus type PCI registered
[    0.884007] acpiphp: ACPI Hot Plug PCI Controller Driver version: 0.5
[    0.892767] PCI: Using configuration type 1 for base access
[    0.900008] PCI: Using configuration type 1 for extended access
[    0.924321] ACPI: Added _OSI(Module Device)
[    0.928010] ACPI: Added _OSI(Processor Device)
[    0.936009] ACPI: Added _OSI(3.0 _SCP Extensions)
[    0.940012] ACPI: Added _OSI(Processor Aggregator Device)
[    0.949581] ACPI: Executed 1 blocks of module-level executable AML code
[    0.966131] ACPI: Interpreter enabled
[    0.972024] ACPI: (supports S0 S5)
[    0.976010] ACPI: Using IOAPIC for interrupt routing
[    0.980504] PCI: Using host bridge windows from ACPI; if necessary, use "pci=nocrs" and report a bug
[    1.001994] ACPI: PCI Root Bridge [PCI0] (domain 0000 [bus 00-ff])
[    1.008020] acpi PNP0A03:00: _OSC: OS supports [ExtendedConfig ASPM ClockPM Segments MSI]
[    1.021569] acpi PNP0A03:00: _OSC: platform does not support [PCIeCapability]
[    1.028678] acpi PNP0A03:00: _OSC: not requesting control; platform does not support [PCIeCapability]
[    1.040010] acpi PNP0A03:00: _OSC: OS requested [PCIeHotplug PME AER PCIeCapability]
[    1.052015] acpi PNP0A03:00: _OSC: platform willing to grant [PCIeHotplug PME AER]
[    1.060012] acpi PNP0A03:00: _OSC failed (AE_SUPPORT); disabling ASPM
[    1.068804] PCI host bridge to bus 0000:00
[    1.072011] pci_bus 0000:00: root bus resource [io  0x0000-0x0cf7 window]
[    1.080010] pci_bus 0000:00: root bus resource [io  0x0d00-0xffff window]
[    1.088011] pci_bus 0000:00: root bus resource [mem 0x000a0000-0x000bffff window]
[    1.096011] pci_bus 0000:00: root bus resource [mem 0x7e800000-0xfdffffff window]
[    1.104015] pci_bus 0000:00: root bus resource [bus 00-ff]
[    1.146190] pci 0000:00:01.1: legacy IDE quirk: reg 0x10: [io  0x01f0-0x01f7]
[    1.156011] pci 0000:00:01.1: legacy IDE quirk: reg 0x14: [io  0x03f6]
[    1.160011] pci 0000:00:01.1: legacy IDE quirk: reg 0x18: [io  0x0170-0x0177]
[    1.172011] pci 0000:00:01.1: legacy IDE quirk: reg 0x1c: [io  0x0376]
[    1.206572] pci 0000:00:07.0: quirk: [io  0x4000-0x403f] claimed by PIIX4 ACPI
[    1.216067] pci 0000:00:07.0: quirk: [io  0x4100-0x410f] claimed by PIIX4 SMB
[    1.237290] ACPI: PCI Interrupt Link [LNKA] (IRQs 5 9 10 *11)
[    1.248522] ACPI: PCI Interrupt Link [LNKB] (IRQs 5 9 *10 11)
[    1.262257] ACPI: PCI Interrupt Link [LNKC] (IRQs 5 *9 10 11)
[    1.273906] ACPI: PCI Interrupt Link [LNKD] (IRQs 5 9 10 *11)
[    1.286228] ACPI: Enabled 2 GPEs in block 00 to 07
[    1.292311] vgaarb: setting as boot device: PCI:0000:00:02.0
[    1.296000] vgaarb: device added: PCI:0000:00:02.0,decodes=io+mem,owns=io+mem,locks=none
[    1.308012] vgaarb: loaded
[    1.312009] vgaarb: bridge control possible 0000:00:02.0
[    1.320604] SCSI subsystem initialized
[    1.328454] ACPI: bus type USB registered
[    1.332102] usbcore: registered new interface driver usbfs
[    1.340036] usbcore: registered new interface driver hub
[    1.348040] usbcore: registered new device driver usb
[    1.360209] PCI: Using ACPI for IRQ routing
[    1.365122] NetLabel: Initializing
[    1.368007] NetLabel:  domain hash size = 128
[    1.376005] NetLabel:  protocols = UNLABELED CIPSOv4
[    1.380101] NetLabel:  unlabeled traffic allowed by default
[    1.388168] amd_nb: Cannot enumerate AMD northbridges
[    1.396298] clocksource: Switched to clocksource kvm-clock
[    1.445352] AppArmor: AppArmor Filesystem Enabled
[    1.454233] pnp: PnP ACPI init
[    1.461942] pnp: PnP ACPI: found 3 devices
[    1.528326] clocksource: acpi_pm: mask: 0xffffff max_cycles: 0xffffff, max_idle_ns: 2085701024 ns
[    1.538538] NET: Registered protocol family 2
[    1.545018] TCP established hash table entries: 16384 (order: 5, 131072 bytes)
[    1.554644] TCP bind hash table entries: 16384 (order: 6, 262144 bytes)
[    1.564860] TCP: Hash tables configured (established 16384 bind 16384)
[    1.573818] UDP hash table entries: 1024 (order: 3, 32768 bytes)
[    1.580888] UDP-Lite hash table entries: 1024 (order: 3, 32768 bytes)
[    1.589925] NET: Registered protocol family 1
[    1.596651] pci 0000:00:00.0: Limiting direct PCI/PCI transfers
[    1.604603] pci 0000:00:01.0: Activating ISA DMA hang workarounds
[    1.613551] Unpacking initramfs...
[    2.091354] Freeing initrd memory: 14888K
[    2.097203] clocksource: tsc: mask: 0xffffffffffffffff max_cycles: 0x1e36648e78c, max_idle_ns: 440795296890 ns
[    2.108873] platform rtc_cmos: registered platform RTC device (no PNP device found)
[    2.119190] Scanning for low memory corruption every 60 seconds
[    2.129097] audit: initializing netlink subsys (disabled)
[    2.135964] audit: type=2000 audit(1730553055.496:1): initialized
[    2.143854] Initialise system trusted keyring
[    2.151170] HugeTLB registered 2 MB page size, pre-allocated 0 pages
[    2.163215] zbud: loaded
[    2.168514] VFS: Disk quotas dquot_6.6.0
[    2.173491] VFS: Dquot-cache hash table entries: 512 (order 0, 4096 bytes)
[    2.181576] squashfs: version 4.0 (2009/01/31) Phillip Lougher
[    2.190281] fuse init (API version 7.23)
[    2.195933] Key type big_key registered
[    2.200830] Allocating IMA MOK and blacklist keyrings.
[    2.226372] Key type asymmetric registered
[    2.231316] Asymmetric key parser 'x509' registered
[    2.237255] Block layer SCSI generic (bsg) driver version 0.4 loaded (major 249)
[    2.247756] io scheduler noop registered
[    2.253120] io scheduler deadline registered (default)
[    2.260484] io scheduler cfq registered
[    2.265002] pci_hotplug: PCI Hot Plug PCI Core version: 0.5
[    2.272095] pciehp: PCI Express Hot Plug Controller Driver version: 0.4
[    2.278674] ACPI: AC Adapter [AC] (on-line)
[    2.284757] input: Power Button as /devices/LNXSYSTM:00/LNXPWRBN:00/input/input0
[    2.293396] ACPI: Power Button [PWRF]
[    2.297818] input: Sleep Button as /devices/LNXSYSTM:00/LNXSLPBN:00/input/input1
[    2.307163] ACPI: Sleep Button [SLPF]
[    2.311938] GHES: HEST is not enabled!
[    2.313344] ACPI: Battery Slot [BAT0] (battery present)
[    2.322728] Serial: 8250/16550 driver, 32 ports, IRQ sharing enabled
[    2.359891] 00:02: ttyS0 at I/O 0x3f8 (irq = 4, base_baud = 115200) is a 16550A
[    2.392350] Linux agpgart interface v0.103
[    2.409556] loop: module loaded
[    2.416635] scsi host0: ata_piix
[    2.422510] scsi host1: ata_piix
[    2.426567] ata1: PATA max UDMA/33 cmd 0x1f0 ctl 0x3f6 bmdma 0xd000 irq 14
[    2.430388] ata2: PATA max UDMA/33 cmd 0x170 ctl 0x376 bmdma 0xd008 irq 15
[    2.440480] libphy: Fixed MDIO Bus: probed
[    2.445304] tun: Universal TUN/TAP device driver, 1.6
[    2.451649] tun: (C) 1999-2004 Max Krasnyansky <maxk@qualcomm.com>
[    2.460267] PPP generic driver version 2.4.2
[    2.465621] ehci_hcd: USB 2.0 'Enhanced' Host Controller (EHCI) Driver
[    2.473563] ehci-pci: EHCI PCI platform driver
[    2.478269] ehci-platform: EHCI generic platform driver
[    2.484702] ohci_hcd: USB 1.1 'Open' Host Controller (OHCI) Driver
[    2.491116] ohci-pci: OHCI PCI platform driver
[    2.496371] ohci-platform: OHCI generic platform driver
[    2.503148] uhci_hcd: USB Universal Host Controller Interface driver
[    2.510780] i8042: PNP: PS/2 Controller [PNP0303:PS2K,PNP0f03:PS2M] at 0x60,0x64 irq 1,12
[    2.523835] serio: i8042 KBD port at 0x60,0x64 irq 1
[    2.529294] serio: i8042 AUX port at 0x60,0x64 irq 12
[    2.536186] mousedev: PS/2 mouse device common for all mice
[    2.547402] rtc_cmos rtc_cmos: rtc core: registered rtc_cmos as rtc0
[    2.555165] input: AT Translated Set 2 keyboard as /devices/platform/i8042/serio0/input/input2
[    2.556848] rtc_cmos rtc_cmos: alarms up to one day, 114 bytes nvram
[    2.556870] i2c /dev entries driver
[    2.556928] device-mapper: uevent: version 1.0.3
[    2.557005] device-mapper: ioctl: 4.34.0-ioctl (2015-10-28) initialised: dm-devel@redhat.com
[    2.557024] ledtrig-cpu: registered to indicate activity on CPUs
[    2.568673] NET: Registered protocol family 10
[    2.572594] NET: Registered protocol family 17
[    2.572615] Key type dns_resolver registered
[    2.573027] registered taskstats version 1
[    2.573038] Loading compiled-in X.509 certificates
[    2.573577] Loaded X.509 cert 'Build time autogenerated kernel key: cf00e047681d67edb2720680708b7d9498083038'
[    2.573618] zswap: loaded using pool lzo/zbud
[    2.592858] Key type trusted registered
[    2.654123] Key type encrypted registered
[    2.659066] AppArmor: AppArmor sha1 policy hashing enabled
[    2.665380] ima: No TPM chip found, activating TPM-bypass!
[    2.671185] ima: Allocated hash algorithm: sha1
[    2.689128] evm: HMAC attrs: 0x1
[    2.695172]   Magic number: 0:176:179
[    2.700237] rtc_cmos rtc_cmos: setting system clock to 2024-11-02 13:10:52 UTC (1730553052)
[    2.709096] BIOS EDD facility v0.16 2004-Jun-25, 0 devices found
[    2.715626] EDD information not available.
[    2.723924] Freeing unused kernel memory: 1492K
[    2.748797] Write protecting the kernel read-only data: 14336k
[    2.756796] Freeing unused kernel memory: 1584K
[    2.762342] Freeing unused kernel memory: 52K
Loading, please wait...
starting version 229
[    2.806217] random: systemd-udevd: uninitialized urandom read (16 bytes read, 9 bits of entropy available)
[    2.806410] random: udevadm: uninitialized urandom read (16 bytes read, 9 bits of entropy available)
[    2.806435] random: udevadm: uninitialized urandom read (16 bytes read, 9 bits of entropy available)
[    2.819905] random: udevadm: uninitialized urandom read (16 bytes read, 9 bits of entropy available)
[    2.819958] random: udevadm: uninitialized urandom read (16 bytes read, 9 bits of entropy available)
[    2.820688] random: udevadm: uninitialized urandom read (16 bytes read, 9 bits of entropy available)
[    2.820813] random: udevadm: uninitialized urandom read (16 bytes read, 9 bits of entropy available)
[    2.820897] random: udevadm: uninitialized urandom read (16 bytes read, 9 bits of entropy available)
[    2.820982] random: udevadm: uninitialized urandom read (16 bytes read, 9 bits of entropy available)
[    2.821171] random: udevadm: uninitialized urandom read (16 bytes read, 9 bits of entropy available)
[    2.947515] e1000: Intel(R) PRO/1000 Network Driver - version 7.3.21-k8-NAPI
[    2.957087] e1000: Copyright (c) 1999-2006 Intel Corporation.
[    2.970266] Fusion MPT base driver 3.04.20
[    2.972460] Copyright (c) 1999-2008 LSI Corporation
[    3.040893] Fusion MPT SPI Host driver 3.04.20
[    3.063243] SSE version of gcm_enc/dec engaged.
[    3.339311] input: ImExPS/2 Generic Explorer Mouse as /devices/platform/i8042/serio1/input/input4
[    3.819190] e1000 0000:00:03.0 eth0: (PCI:33MHz:32-bit) 02:be:82:6b:cc:1d
[    3.827582] e1000 0000:00:03.0 eth0: Intel(R) PRO/1000 Network Connection
[    4.598535] e1000 0000:00:08.0 eth1: (PCI:33MHz:32-bit) 08:00:27:80:08:66
[    4.606595] e1000 0000:00:08.0 eth1: Intel(R) PRO/1000 Network Connection
[    4.619108] e1000 0000:00:03.0 enp0s3: renamed from eth0
[    4.626287] mptbase: ioc0: Initiating bringup
[    4.632963] e1000 0000:00:08.0 enp0s8: renamed from eth1
[    4.712379] ioc0: LSI53C1030 A0: Capabilities={Initiator}
[    4.897164] scsi host2: ioc0: LSI53C1030 A0, FwRev=00000000h, Ports=1, MaxQ=256, IRQ=20
[    5.022077] scsi 2:0:0:0: Direct-Access     VBOX     HARDDISK         1.0  PQ: 0 ANSI: 5
[    5.031404] scsi target2:0:0: Beginning Domain Validation
[    5.049236] scsi target2:0:0: Domain Validation skipping write tests
[    5.056663] scsi target2:0:0: Ending Domain Validation
[    5.092265] scsi target2:0:0: asynchronous
[    5.101441] scsi 2:0:1:0: Direct-Access     VBOX     HARDDISK         1.0  PQ: 0 ANSI: 5
[    5.105272] scsi target2:0:1: Beginning Domain Validation
[    5.126971] scsi target2:0:1: Domain Validation skipping write tests
[    5.133702] scsi target2:0:1: Ending Domain Validation
[    5.140252] scsi target2:0:1: asynchronous
[    5.191752] sd 2:0:0:0: Attached scsi generic sg0 type 0
[    5.191786] sd 2:0:0:0: [sda] 83886080 512-byte logical blocks: (42.9 GB/40.0 GiB)
[    5.209151] sd 2:0:0:0: [sda] Write Protect is off
[    5.209569] sd 2:0:1:0: [sdb] 20480 512-byte logical blocks: (10.5 MB/10.0 MiB)
[    5.210581] sd 2:0:1:0: [sdb] Write Protect is off
[    5.211195] sd 2:0:1:0: [sdb] Incomplete mode parameter data
[    5.211197] sd 2:0:1:0: [sdb] Assuming drive cache: write through
[    5.214805] sd 2:0:1:0: Attached scsi generic sg1 type 0
[    5.223935] sd 2:0:1:0: [sdb] Attached SCSI disk
[    5.260658] sd 2:0:0:0: [sda] Incomplete mode parameter data
[    5.267699] sd 2:0:0:0: [sda] Assuming drive cache: write through
[    5.283948]  sda: sda1
[    5.293536] sd 2:0:0:0: [sda] Attached SCSI disk
Begin: Loading essential drivers ... [    6.922170] md: linear personality registered for level -1
[    6.934356] md: multipath personality registered for level -4
[    6.947299] md: raid0 personality registered for level 0
[    6.972979] md: raid1 personality registered for level 1
[    7.052749] raid6: sse2x1   gen()  6499 MB/s
[    7.124825] raid6: sse2x1   xor()  6364 MB/s
[    7.197221] raid6: sse2x2   gen() 14304 MB/s
[    7.268384] raid6: sse2x2   xor()  8542 MB/s
[    7.340522] raid6: sse2x4   gen() 14380 MB/s
[    7.412130] raid6: sse2x4   xor()  8656 MB/s
[    7.416837] raid6: using algorithm sse2x4 gen() 14380 MB/s
[    7.423613] raid6: .... xor() 8656 MB/s, rmw enabled
[    7.429674] raid6: using ssse3x2 recovery algorithm
[    7.440803] xor: measuring software checksum speed
[   12.208811]    prefetch64-sse: -1072896.-296 MB/sec
[   12.319079]    generic_sse: 37563.000 MB/sec
[   12.324354] xor: using function: generic_sse (37563.000 MB/sec)
[   12.334307] async_tx: api initialized (async)
[   12.402791] md: raid6 personality registered for level 6
[   12.409700] md: raid5 personality registered for level 5
[   12.417194] md: raid4 personality registered for level 4
[   12.454530] md: raid10 personality registered for level 10
done.
Begin: Running /scripts/init-premount ... done.
Begin: Mounting root file system ... Begin: Running /scripts/local-top ... done.
Begin: Running /scripts/local-premount ... [   12.591440] Btrfs loaded
Scanning for Btrfs filesystems
done.
Warning: fsck not present, so skipping root file system
[   12.685689] EXT4-fs (sda1): INFO: recovery required on readonly filesystem
[   12.693259] EXT4-fs (sda1): write access will be enabled during recovery
[   12.781232] EXT4-fs (sda1): orphan cleanup on readonly fs
[   12.787601] EXT4-fs (sda1): 10 orphan inodes deleted
[   12.794066] EXT4-fs (sda1): recovery complete
[   12.803406] EXT4-fs (sda1): mounted filesystem with ordered data mode. Opts: (null)
done.
Begin: Running /scripts/local-bottom ... done.
Begin: Running /scripts/init-bottom ... done.
[   13.063268] systemd[1]: systemd 229 running in system mode. (+PAM +AUDIT +SELINUX +IMA +APPARMOR +SMACK +SYSVINIT +UTMP +LIBCRYPTSETUP +GCRYPT +GNUTLS +ACL +XZ -LZ4 +SECCOMP +BLKID +ELFUTILS +KMOD -IDN)
[   13.083717] systemd[1]: Detected virtualization oracle.
[   13.090056] systemd[1]: Detected architecture x86-64.

Welcome to [1mUbuntu 16.04.7 LTS[0m!

[   13.110495] systemd[1]: Set hostname to <ubuntu-xenial>.
[   13.402508] systemd[1]: Created slice System Slice.
[[0;32m  OK  [0m] Created slice System Slice.
[   13.412569] systemd[1]: Listening on Journal Audit Socket.
[[0;32m  OK  [0m] Listening on Journal Audit Socket.
[   13.423437] systemd[1]: Listening on udev Kernel Socket.
[[0;32m  OK  [0m] Listening on udev Kernel Socket.
[   13.433812] systemd[1]: Reached target Swap.
[[0;32m  OK  [0m] Reached target Swap.
[   13.443763] systemd[1]: Listening on udev Control Socket.
[[0;32m  OK  [0m] Listening on udev Control Socket.
[   13.455970] systemd[1]: Listening on Journal Socket (/dev/log).
[[0;32m  OK  [0m] Listening on Journal Socket (/dev/log).
[   13.467962] systemd[1]: Reached target User and Group Name Lookups.
[[0;32m  OK  [0m] Reached target User and Group Name Lookups.
[   13.479183] systemd[1]: Listening on Syslog Socket.
[[0;32m  OK  [0m] Listening on Syslog Socket.
[   13.490074] systemd[1]: Listening on Journal Socket.
[[0;32m  OK  [0m] Listening on Journal Socket.
[   13.520493] systemd[1]: Starting Create list of required static device nodes for the current kernel...
         Starting Create list of required st... nodes for the current kernel...
[   13.537805] random: nonblocking pool is initialized
[   13.545661] systemd[1]: Starting Journal Service...
         Starting Journal Service...
[   13.557292] systemd[1]: Mounting POSIX Message Queue File System...
         Mounting POSIX Message Queue File System...
[   13.569525] systemd[1]: Listening on fsck to fsckd communication Socket.
[[0;32m  OK  [0m] Listening on fsck to fsckd communication Socket.
[   13.584823] systemd[1]: Starting Nameserver information manager...
         Starting Nameserver information manager...
[   13.597247] systemd[1]: Set up automount Arbitrary Executable File Formats File System Automount Point.
[[0;32m  OK  [0m] Set up automount Arbitrary Executab...ats File System Automount Point.
[   13.612252] systemd[1]: Listening on LVM2 metadata daemon socket.
[[0;32m  OK  [0m] Listening on LVM2 metadata daemon socket.
[   13.625080] systemd[1]: Listening on /dev/initctl Compatibility Named Pipe.
[[0;32m  OK  [0m] Listening on /dev/initctl Compatibility Named Pipe.
[   13.643529] systemd[1]: Starting Load Kernel Modules...
         Starting Load Kernel Modules...
[   13.655549] systemd[1]: Created slice system-serial\x2dgetty.slice.
[[0;32m  OK  [0m] Created slice system-serial\x2dgetty.slice.
[   13.668503] systemd[1]: Created slice User and Session Slice.
[[0;32m  OK  [0m] Created slice User and Session Slice.
[   13.681463] systemd[1]: Reached target Slices.
[   13.687578] Loading iSCSI transport class v2.0-870.
[[0;32m  OK  [0m] Reached target Slices.
[   13.697758] systemd[1]: Started Forward Password Requests to Wall Directory Watch.
[[0;32m  OK  [0m] Started Forward Password Requests to Wall Directory Watch.
[   13.712306] systemd[1]: Reached target Encrypted Volumes.
[[0;32m  OK  [0m] Reached target Encrypted Volumes.
[   13.730636] iscsi: registered transport (tcp)
[   13.740650] systemd[1]: Mounting Debug File System...
         Mounting Debug File System...
[   13.754143] systemd[1]: Starting Uncomplicated firewall...
         Starting Uncomplicated firewall...
[   13.768458] systemd[1]: Starting File System Check on Root Device...
         Starting File System Check on Root Device...
[   13.786246] systemd[1]: Reached target System Time Synchronized.
[[0;32m  OK  [0m] Reached target System Time Synchronized.
[   13.802529] systemd[1]: Mounting Huge Pages File System...
         Mounting Huge Pages File System...
[   13.819305] systemd[1]: Started Trigger resolvconf update for networkd DNS.
[[0;32m  OK  [0m] Started Trigger resolvconf update for networkd DNS.
[   13.834469] systemd[1]: Starting Set console keymap...
         Starting Set console keymap...
[   13.845764] systemd[1]: Listening on LVM2 poll daemon socket.
[[0;32m  OK  [0m] Listening on LVM2 poll daemon socket.
[   13.861696] systemd[1]: Listening on Device-mapper event daemon FIFOs.
[[0;32m  OK  [0m] Listening on Device-mapper event daemon FIFOs.
[   13.897035] systemd[1]: Starting Monitoring of LVM2 mirrors, snapshots etc. using dmeventd or progress polling...
         Starting Monitoring of LVM2 mirrors... dmeventd or progress polling...
[   13.935237] systemd[1]: Mounted Huge Pages File System.
[[0;32m  OK  [0m] Mounted Huge Pages File System.
[   13.949166] systemd[1]: Mounted POSIX Message Queue File System.
[[0;32m  OK  [0m] Mounted POSIX Message Queue File System.
[   13.963704] systemd[1]: Mounted Debug File System.
[[0;32m  OK  [0m] Mounted Debug File System.
[   13.980956] systemd[1]: Started Journal Service.
[[0;32m  OK  [0m] Started Journal Service.
[[0;32m  OK  [0m] Started Create list of required sta...ce nodes for the current kernel.
[   14.006158] iscsi: registered transport (iser)
[[0;32m  OK  [0m] Started Load Kernel Modules.
[[0;32m  OK  [0m] Started Uncomplicated firewall.
[[0;32m  OK  [0m] Started File System Check on Root Device.
[[0;32m  OK  [0m] Started Set console keymap.
[[0;32m  OK  [0m] Started Nameserver information manager.
[[0;32m  OK  [0m] Started LVM2 metadata daemon.
[[0;32m  OK  [0m] Started File System Check Daemon to report status.
         Starting Remount Root and Kernel File Systems...
         Starting Apply Kernel Variables...
         Mounting FUSE Control File System...[   14.102099] EXT4-fs (sda1): re-mounted. Opts: (null)

         Starting Create Static Device Nodes in /dev...
[[0;32m  OK  [0m] Mounted FUSE Control File System.
[[0;32m  OK  [0m] Started Remount Root and Kernel File Systems.
         Starting Load/Save Random Seed...
         Starting Flush Journal to Persistent Storage...
         Starting udev Coldplug all Devices...
[[0;32m  OK  [0m] Started Apply Kernel Variables.
[[0;32m  OK  [0m] Started Load/Save Random Seed.
[[0;32m  OK  [0m] Started Flush Journal to Persistent Storage.
[[0;32m  OK  [0m] Started Create Static Device Nodes in /dev.
         Starting udev Kernel Device Manager...
[[0;32m  OK  [0m] Started udev Coldplug all Devices.
[[0;32m  OK  [0m] Started udev Kernel Device Manager.
[[0;32m  OK  [0m] Started Dispatch Password Requests to Console Directory Watch.
[[0;32m  OK  [0m] Started Monitoring of LVM2 mirrors,...ng dmeventd or progress polling.
[[0;32m  OK  [0m] Reached target Local File Systems (Pre).
[[0;32m  OK  [0m] Reached target Local File Systems.
         Starting Initial cloud-init job (pre-networking)...
         Starting Set console font and keymap...
         Starting LSB: AppArmor initialization...
         Starting Tell Plymouth To Write Out Runtime Data...
         Starting Create Volatile Files and Directories...
[[0;32m  OK  [0m] Found device /dev/ttyS0.
[[0;32m  OK  [0m] Started Tell Plymouth To Write Out Runtime Data.
[[0;1;31mFAILED[0m] Failed to start Create Volatile Files and Directories.
See 'systemctl status systemd-tmpfiles-setup.service' for details.
         Starting Update UTMP about System Boot/Shutdown...
[[0;32m  OK  [0m] Started Update UTMP about System Boot/Shutdown.
[[0;32m  OK  [0m] Listening on Load/Save RF Kill Switch Status /dev/rfkill Watch.
[[0;1;31mFAILED[0m] Failed to start LSB: AppArmor initialization.
See 'systemctl status apparmor.service' for details.
         Starting Load AppArmor profiles managed internally by snapd...
[[0;32m  OK  [0m] Started Load AppArmor profiles managed internally by snapd.
[[0;32m  OK  [0m] Found device 82540EM Gigabit Ethern...r (PRO/1000 MT Desktop Adapter).
[[0;32m  OK  [0m] Found device 82540EM Gigabit Ethern...r (PRO/1000 MT Desktop Adapter).
[   17.049989] cloud-init[493]: Cloud-init v. 21.1-19-gbad84ad4-0ubuntu1~16.04.2 running 'init-local' at Sat, 02 Nov 2024 13:11:06 +0000. Up 16.53 seconds.
[[0;32m  OK  [0m] Started Initial cloud-init job (pre-networking).
[[0;32m  OK  [0m] Reached target Network (Pre).
[[0;32m  OK  [0m] Started ifup for enp0s8.
         Starting Raise network interfaces...
[[0;32m  OK  [0m] Started ifup for enp0s3.
[[0;32m  OK  [0m] Started Set console font and keymap.
[[0;32m  OK  [0m] Created slice system-getty.slice.
[[0;32m  OK  [0m] Started Raise network interfaces.
         Starting Initial cloud-init job (metadata service crawler)...
[[0;32m  OK  [0m] Reached target Network.
[   18.504993] cloud-init[1097]: Cloud-init v. 21.1-19-gbad84ad4-0ubuntu1~16.04.2 running 'init' at Sat, 02 Nov 2024 13:11:07 +0000. Up 18.04 seconds.
[   18.513985] cloud-init[1097]: ci-info: ++++++++++++++++++++++++++++++++++++++Net device info++++++++++++++++++++++++++++++++++++++
[   18.526382] cloud-init[1097]: ci-info: +--------+------+----------------------------+---------------+--------+-------------------+
[   18.537195] cloud-init[1097]: ci-info: | Device |  Up  |          Address           |      Mask     | Scope  |     Hw-Address    |
[   18.548329] cloud-init[1097]: ci-info: +--------+------+----------------------------+---------------+--------+-------------------+
[   18.559277] cloud-init[1097]: ci-info: | enp0s3 | True |         10.0.2.15          | 255.255.255.0 | global | 02:be:82:6b:cc:1d |
[[0;32m  OK  [0m] Started Initial cloud-init job (metadata service crawler).
[[0;32m  OK  [0m] Reached target System Initialization.
[[0;32m  OK  [0m] Started Daily apt download activities.
         Starting LXD - unix socket.
[[0;32m  OK  [0m] Started Daily Cleanup of Temporary Directories.
[[0;32m  OK  [0m] Started Daily apt upgrade and clean activities.
[[0;32m  OK  [0m] Listening on ACPID Listen Socket.
         Starting Socket activation for snappy daemon.
[[0;32m  OK  [0m] Started Ubuntu Advantage update messaging.
[   18.574247] cloud-init[[0;32m  OK  [0m] Started ACPI Events Check.
[[0;32m  OK  [0m] Reached target Paths.
[[0;32m  OK  [0m] Started Message of the Day.
[[0;32m  OK  [0m] Reached target Timers.
[[0;32m  OK  [0m] Listening on D-Bus System Message Bus Socket.
[[0;32m  OK  [0m] Listening on UUID daemon activation socket.
[[0;32m  OK  [0m] Reached target Network is Online.
[1097]: ci-info: | enp0s3 | True | fe80::be:82ff:fe6b:cc1d/64 |       .       |  link  | 02:be:82:6b:cc:1d |
[   18.613790] cloud-init[1097]: ci-info: | enp0s8 | True |       192.168.56.11        | 255.255.255.0 | global | 08:00:27:80:08:66 |
[   18.625075] cloud-init[1097]: ci-info: | enp0s8 | True | fe80::a00:27ff:fe80:866/64 |       .       |  link  | 08:00:27:80:08:66 |         Starting iSCSI initiator daemon (iscsid)...
[[0;32m  OK  [0m] Reached target Cloud-config availability.
[[0;32m  OK  [0m] Listening on LXD - unix socket.
[[0;32m  OK  [0m] Listening on Socket activation for snappy daemon.
[[0;32m  OK  [0m] Reached target Sockets.
[[0;32m  OK  [0m] Reached target Basic System.
         Starting LSB: Record successful boot for GRUB...
         Starting Login Service...
         Starting System Logging Service...
[[0;32m  OK  [0m] Started D-Bus System Message Bus.

[   18.656587] cloud-init[1097]: ci-info: |   lo   | True |         127.0.0.1          |   255.0.0.0   |  host  |         .         |
[   18.670797] cloud-init[1097]: ci-info: |   lo   | True |          ::1/128           |       .       |  host  |         .         |
[   18.679870] cloud-init[1097]: ci-info: +--------+------+----------------------------+---------------+--------+-------------------+
[   18.688907] cloud-init[1097]: ci-info: ++++++++++++++++++++++++++++Route IPv4 info++++++++++++++++++++++++++++
[   18.701253] cloud-init[1097]: ci-info: +-------+--------------+----------+---------------+-----------+-------+
[   18.708687] cloud-init[1097]: ci-info: | Route | Destination  | Gateway  |    Genmask    | Interface | Flags |
[   18.715648] cloud-init[1097]: ci-info: +-------+--------------+----------+---------------+-----------+-------+
[   18.724933] cloud-init[1097]: ci-info: |   0   |   0.0.0.0    | 10.0.2.2 |    0.0.0.0    |   enp0s3  |   UG  |
[   18.733307] cloud-init[1097]: ci-info: |   1   |   10.0.2.0   | 0.0.0.0  | 255.255.255.0 |   enp0s3  |   U   |
[   18.739758] cloud-init[1097]: ci-info: |   2   | 192.168.56.0 | 0.0.0.0  | 255.255.255.0 |   enp0s8  |   U   |
[   18.747088] cloud-init[1097]: ci-info: +-------+--------------+----------+---------------+-----------+-------+
[   18.753892] cloud-init[1097]: ci-info: +++++++++++++++++++Route IPv6 info+++++++++++++++++++
[   18.761660] cloud-init[1097]: ci-info: +-------+-------------+---------+-----------+-------+
[   18.774888] cloud-init[1097]: ci-info: | Route | Destination | Gateway | Interface | Flags |
[   18.786001] cloud-init[1097]: ci-info: +-------+-------------+---------+-----------+-------+
[   18.795404] cloud-init[1097]: ci-info: |   0   |  fe80::/64  |    ::   |   enp0s8  |   U   |
[   18.805169] cloud-init[1097]: ci-info: |   1   |  fe80::/64  |    ::   |   enp0s3  |   U   |         Starting /etc/rc.local Compatibility...
[[0;32m  OK  [0m] Started Deferred execution scheduler.
         Starting LSB: MD monitoring daemon...

[   18.829253] cloud-init[1097]: ci-info: |   4   |   ff00::/8  |    ::   |   enp0s8  |   U   |
[   18.829534] cloud-init[1097]: ci-info: |   5   |   ff00::/8  |    ::   |   enp0s3  |   U   |
[   18.829619] cloud-init[1097]: ci-info: +-------+-------------+---------+-----------+-------+
[   18.830110] cloud-init[1097]: Generating public/private rsa key pair.
[   18.830559] cloud-init[1097]: Your identification has been saved in /etc/ssh/ssh_host_rsa_key.
[   18.831016] cloud-init[1097]: Your public key has been saved in /etc/ssh/ssh_host_rsa_key.pub.
[   18.831494] cloud-init[1097]: The key fingerprint is:
[[0;32m  OK  [0m] Started ACPI event daemon.
         Starting Virtualbox guest utils...
         Starting Accounts Service...
         Starting Pollinate to seed the pseudo random number generator...
[   18.831890] cloud-init[1097]: SHA256:hWepViO5wkWG5NxkfzpvE+pDsjiYQrRmDtf1lqmK2fE root@ubuntu-xenial
         Starting Snap Daemon...
[[0;32m  OK  [0m] Started FUSE filesystem for LXC.
[   18.868742] cloud-init[1097]: The key's randomart image is:
[[0;32m  OK  [0m] Started Regular background program processing daemon.
[   18.891687] cloud-init[1097]: +---[RSA 2048]----+
[   18.898912] cloud-init[1097]: |     ...=        |
[   18.899385] cloud-init[1097]: |     o.* + .     |
[   18.899772] cloud-init[1097]: |      o * O .    |
[   18.900895] cloud-init[1097]: |  .  ... O +     |
[   18.901182] cloud-init[1097]: | . o .o.Soo .    |
[   18.901657] cloud-init[1097]: |. * .  o* .+ .   |
[   18.902084] cloud-init[1097]: | B  .o + +. +    |
[   18.902532] cloud-init[1097]: |  o+oo+ .... .   |
[   18.903041] cloud-init[1097]: |  o.o.E.  ..     |
[   18.903548] cloud-init[1097]: +----[SHA256]-----+
[   18.903848] cloud-init[1097]: Generating public/private dsa key pair.
[   18.905020] cloud-init[1097]: Your identification has been saved in /etc/ssh/ssh_host_dsa_key.
[   18.905516] cloud-init[1097]: Your public key has been saved in /etc/ssh/ssh_host_dsa_key.pub.
[   18.906052] cloud-init[1097]: The key fingerprint is:
[   18.906574] cloud-init[1097]: SHA256:52jwUF2qt8D4v+be/VElvKS7SNj8A6AyLtKIlMXZYQ8 root@ubuntu-xenial
[   18.907095] cloud-init[1097]: The key's randomart image is:
[   18.907670] cloud-init[1097]: +---[DSA 1024]----+
[   18.908461] cloud-init[1097]: |            .    |
[   18.908640] cloud-init[1097]: |     E   . o .   |
[   18.909039] cloud-init[1097]: |  . + + . o   + .|
[   18.909439] cloud-init[1097]: |   + . =..   o o.|
[   18.909984] cloud-init[1097]: |  o   +.S.o . . .|
[   18.910315] cloud-init[1097]: | o  o .= X.. .  .|
[   18.910790] cloud-init[1097]: |oo . o  * *..  . |
[   18.911185] cloud-init[1097]: |+ o .  . o.+.o  .|
[   18.911659] cloud-init[1097]: | . .     +*.+....|
[   18.912443] cloud-init[1097]: +----[SHA256]-----+
[   18.912689] cloud-init[1097]: Generating public/private ecdsa key pair.
[   18.913213] cloud-init[1097]: Your identification has been saved in /etc/ssh/ssh_host_ecdsa_key.
[   18.913563] cloud-init[1097]: Your public key has been saved in /etc/ssh/ssh_host_ecdsa_key.pub.
[   18.914162] cloud-init[1097]: The key fingerprint is:
[   18.914230] cloud-init[1097]: SHA256:GyAj7C0JQpBt4py4vDhKxwG2hz1SzY2KRlc72HNAQn0 root@ubuntu-xenial
[   18.914382] cloud-init[1097]: The key's randomart image is:
[   18.914857] cloud-init[1097]: +---[ECDSA 256]---+
[   18.915321] cloud-init[1097]: |o+.oo+           |
[   18.915760] cloud-init[1097]: |+.o B.=E         |
[   18.916806] cloud-init[1097]: |**++oOoo         |
[   18.917114] cloud-init[1097]: |=*O+.o+.         |
[   18.917956] cloud-init[1097]: |.B+*.   S        |
[   18.918506] cloud-init[1097]: |o.+.o    o       |
[   18.919012] cloud-init[1097]: |...o    .        |
[   18.919650] cloud-init[1097]: |+..              |
[   18.920935] cloud-init[1097]: |o.               |
[   18.921497] cloud-init[1097]: +----[SHA256]-----+
[   18.922318] cloud-init[1097]: Generating public/private ed25519 key pair.
[   18.923102] cloud-init[1097]: Your identification has been saved in /etc/ssh/ssh_host_ed25519_key.
[   18.923825] cloud-init[1097]: Your public key has been saved in /etc/ssh/ssh_host_ed25519_key.pub.
[   18.925295] cloud-init[1097]: The key fingerprint is:
[   18.925609] cloud-init[1097]: SHA256:WQDSytpuQvi1HEgUUpRVZUKn/8ljedrtJqwxp84y9F0 root@ubuntu-xenial
[   18.925761] cloud-init[1097]: The key's randomart image is:
[   18.926466] cloud-init[1097]: +--[ED25519 256]--+
[   18.926863] cloud-init[1097]: |.o++o+=o=        |
[   18.927315] cloud-init[1097]: | .o  ..= .       |
[   18.927727] cloud-init[1097]: | . . ..   .      |
[   18.928465] cloud-init[1097]: |  . o  . o       |
[   18.929687] cloud-init[1097]: | o +    S        |
[   18.929964] cloud-init[1097]: |. + +   .o o  E  |
[   18.930550] cloud-init[1097]: | o + o . .Xoo.   |
[   18.931101] cloud-init[1097]: |  o =   oo.X+..  |
[   18.931552] cloud-init[1097]: |   o     +*..+o  |
[   18.932038] cloud-init[1097]: +----[SHA256]-----+
         Starting LXD - container startup/shutdown...
[[0;32m  OK  [0m] Started System Logging Service.
[[0;32m  OK  [0m] Started /etc/rc.local Compatibility.
[[0;1;31mFAILED[0m] Failed to start Pollinate to seed the pseudo random number generator.
See 'systemctl status pollinate.service' for details.
[[0;32m  OK  [0m] Started iSCSI initiator daemon (iscsid).
[[0;32m  OK  [0m] Started Login Service.
[[0;32m  OK  [0m] Started Unattended Upgrades Shutdown.
         Starting Authenticate and Authorize Users to Run Privileged Tasks...
         Starting Login to default iSCSI targets...
         Starting OpenBSD Secure Shell server...
[[0;32m  OK  [0m] Started LSB: Record successful boot for GRUB.
[[0;32m  OK  [0m] Started LSB: MD monitoring daemon.
[[0;32m  OK  [0m] Started Authenticate and Authorize Users to Run Privileged Tasks.
[[0;32m  OK  [0m] Started Accounts Service.
[[0;32m  OK  [0m] Started LXD - container startup/shutdown.
[[0;32m  OK  [0m] Started OpenBSD Secure Shell server.
[[0;32m  OK  [0m] Started Login to default iSCSI targets.
[[0;32m  OK  [0m] Reached target Remote File Systems (Pre).
         Mounting /vagrant...
[[0;32m  OK  [0m] Mounted /vagrant.
[[0;32m  OK  [0m] Reached target Remote File Systems.
         Starting LSB: automatic crash report generation...
         Starting LSB: Set the CPU Frequency Scaling governor to "ondemand"...
         Starting LSB: Apache2 web server...
         Starting LSB: daemon to balance interrupts for SMP systems...
         Starting Permit User Sessions...
[[0;32m  OK  [0m] Started Virtualbox guest utils.
[[0;32m  OK  [0m] Started Permit User Sessions.
[[0;1;31mFAILED[0m] Failed to start Snap Daemon.
See 'systemctl status snapd.service' for details.
         Starting Failure handling of the snapd snap...
         Starting Wait until snapd is fully seeded...
         Starting Terminate Plymouth Boot Screen...
         Starting Hold until boot process finishes up...
[[0;32m  OK  [0m] Started LSB: automatic crash report generation.
[[0;32m  OK  [0m] Started LSB: Set the CPU Frequency Scaling governor to "ondemand".
[[0;32m  OK  [0m] Started Terminate Plymouth Boot Screen.
[[0;32m  OK  [0m] Started Hold until boot process finishes up.
[[0;32m  OK  [0m] Stopped Snap Daemon.
         Starting Snap Daemon...
[[0;32m  OK  [0m] Started Serial Getty on ttyS0.
         Starting Set console scheme...
[[0;32m  OK  [0m] Started Getty on tty1.
[[0;32m  OK  [0m] Reached target Login Prompts.
[[0;32m  OK  [0m] Started LSB: daemon to balance interrupts for SMP systems.
[[0;32m  OK  [0m] Started Failure handling of the snapd snap.
[[0;32m  OK  [0m] Started Set console scheme.
[[0;1;31mFAILED[0m] Failed to start Snap Daemon.
See 'systemctl status snapd.service' for details.
[[0;1;31mFAILED[0m] Failed to start LSB: Apache2 web server.
See 'systemctl status apache2.service' for details.
         Starting Failure handling of the snapd snap...
[[0;32m  OK  [0m] Started Failure handling of the snapd snap.
[[0;32m  OK  [0m] Stopped Snap Daemon.
         Starting Snap Daemon...
[[0;1;31mFAILED[0m] Failed to start Snap Daemon.
See 'systemctl status snapd.service' for details.
         Starting Failure handling of the snapd snap...
[[0;32m  OK  [0m] Started Failure handling of the snapd snap.
[[0;32m  OK  [0m] Stopped Snap Daemon.
         Starting Snap Daemon...
[[0;1;31mFAILED[0m] Failed to start Snap Daemon.
See 'systemctl status snapd.service' for details.
         Starting Failure handling of the snapd snap...
[[0;32m  OK  [0m] Started Failure handling of the snapd snap.
[[0;32m  OK  [0m] Stopped Snap Daemon.
         Starting Snap Daemon...
[[0;1;31mFAILED[0m] Failed to start Snap Daemon.
See 'systemctl status snapd.service' for details.
         Starting Failure handling of the snapd snap...
[[0;32m  OK  [0m] Started Failure handling of the snapd snap.
[[0;32m  OK  [0m] Stopped Snap Daemon.
[[0;1;31mFAILED[0m] Failed to start Snap Daemon.
See 'systemctl status snapd.service' for details.
[[0;1;31mFAILED[0m] Failed to start Failure handling of the snapd snap.
See 'systemctl status snapd.failure.service' for details.
[[0;32m  OK  [0m] Created slice User Slice of vagrant.
         Starting User Manager for UID 1000...
[[0;32m  OK  [0m] Started Session 1 of user vagrant.
[[0;32m  OK  [0m] Started User Manager for UID 1000.

Ubuntu 16.04.7 LTS ubuntu-xenial ttyS0

ubuntu-xenial login: 